Starting a Gradle Daemon, 6 busy and 1 incompatible and 1 stopped Daemons could not be reused, use --status for details
> Task :compileJava UP-TO-DATE
> Task :processResources UP-TO-DATE
> Task :classes UP-TO-DATE
> Task :resolveMainClassName

> Task :bootRun

  .   ____          _            __ _ _
 /\\ / ___'_ __ _ _(_)_ __  __ _ \ \ \ \
( ( )\___ | '_ | '_| | '_ \/ _` | \ \ \ \
 \\/  ___)| |_)| | | | | || (_| |  ) ) ) )
  '  |____| .__|_| |_|_| |_\__, | / / / /
 =========|_|==============|___/=/_/_/_/

 :: Spring Boot ::                (v4.0.5)

2026-06-18T14:47:55.388-03:00  INFO 8732 --- [futbol-players-tokens] [  restartedMain] c.d.f.FutbolPlayersTokensApplication     : Starting FutbolPlayersTokensApplication using Java 21.0.6 with PID 8732 (D:\facultad\2026\futbol-players-tokens\build\classes\java\main started by luqui in D:\facultad\2026\futbol-players-tokens)
2026-06-18T14:47:55.394-03:00  INFO 8732 --- [futbol-players-tokens] [  restartedMain] c.d.f.FutbolPlayersTokensApplication     : No active profile set, falling back to 1 default profile: "default"
2026-06-18T14:47:55.519-03:00  INFO 8732 --- [futbol-players-tokens] [  restartedMain] .e.DevToolsPropertyDefaultsPostProcessor : Devtools property defaults active! Set 'spring.devtools.add-properties' to 'false' to disable
2026-06-18T14:47:55.519-03:00  INFO 8732 --- [futbol-players-tokens] [  restartedMain] .e.DevToolsPropertyDefaultsPostProcessor : For additional web related logging consider setting the 'logging.level.web' property to 'DEBUG'
2026-06-18T14:47:57.632-03:00  INFO 8732 --- [futbol-players-tokens] [  restartedMain] .s.d.r.c.RepositoryConfigurationDelegate : Bootstrapping Spring Data JPA repositories in DEFAULT mode.
2026-06-18T14:47:57.860-03:00  INFO 8732 --- [futbol-players-tokens] [  restartedMain] .s.d.r.c.RepositoryConfigurationDelegate : Finished Spring Data repository scanning in 204 ms. Found 7 JPA repository interfaces.
2026-06-18T14:47:59.508-03:00  INFO 8732 --- [futbol-players-tokens] [  restartedMain] o.s.boot.tomcat.TomcatWebServer          : Tomcat initialized with port 8080 (http)
2026-06-18T14:47:59.551-03:00  INFO 8732 --- [futbol-players-tokens] [  restartedMain] o.apache.catalina.core.StandardService   : Starting service [Tomcat]
2026-06-18T14:47:59.552-03:00  INFO 8732 --- [futbol-players-tokens] [  restartedMain] o.apache.catalina.core.StandardEngine    : Starting Servlet engine: [Apache Tomcat/11.0.20]
2026-06-18T14:47:59.734-03:00  INFO 8732 --- [futbol-players-tokens] [  restartedMain] b.w.c.s.WebApplicationContextInitializer : Root WebApplicationContext: initialization completed in 4213 ms
2026-06-18T14:48:00.220-03:00  INFO 8732 --- [futbol-players-tokens] [  restartedMain] org.hibernate.orm.jpa                    : HHH008540: Processing PersistenceUnitInfo [name: default]
2026-06-18T14:48:00.392-03:00  INFO 8732 --- [futbol-players-tokens] [  restartedMain] org.hibernate.orm.core                   : HHH000001: Hibernate ORM core version 7.2.7.Final
2026-06-18T14:48:01.469-03:00  INFO 8732 --- [futbol-players-tokens] [  restartedMain] o.s.o.j.p.SpringPersistenceUnitInfo      : No LoadTimeWeaver setup: ignoring JPA class transformer
2026-06-18T14:48:01.550-03:00  INFO 8732 --- [futbol-players-tokens] [  restartedMain] com.zaxxer.hikari.HikariDataSource       : HikariPool-1 - Starting...
2026-06-18T14:48:01.957-03:00  INFO 8732 --- [futbol-players-tokens] [  restartedMain] com.zaxxer.hikari.pool.HikariPool        : HikariPool-1 - Added connection org.postgresql.jdbc.PgConnection@1659ffef
2026-06-18T14:48:01.960-03:00  INFO 8732 --- [futbol-players-tokens] [  restartedMain] com.zaxxer.hikari.HikariDataSource       : HikariPool-1 - Start completed.
2026-06-18T14:48:02.049-03:00  WARN 8732 --- [futbol-players-tokens] [  restartedMain] org.hibernate.orm.deprecation            : HHH90000025: PostgreSQLDialect does not need to be specified explicitly using 'hibernate.dialect' (remove the property setting and it will be selected by default)
2026-06-18T14:48:02.117-03:00  INFO 8732 --- [futbol-players-tokens] [  restartedMain] org.hibernate.orm.connections.pooling    : HHH10001005: Database info:
	Database JDBC URL [jdbc:postgresql://localhost:5432/player_market]
	Database driver: PostgreSQL JDBC Driver
	Database dialect: PostgreSQLDialect
	Database version: 17.4
	Default catalog/schema: player_market/public
	Autocommit mode: undefined/unknown
	Isolation level: READ_COMMITTED [default READ_COMMITTED]
	JDBC fetch size: none
	Pool: DataSourceConnectionProvider
	Minimum pool size: undefined/unknown
	Maximum pool size: undefined/unknown
2026-06-18T14:48:05.347-03:00  INFO 8732 --- [futbol-players-tokens] [  restartedMain] org.hibernate.orm.core                   : HHH000489: No JTA platform available (set 'hibernate.transaction.jta.platform' to enable JTA platform integration)
2026-06-18T14:48:05.362-03:00  INFO 8732 --- [futbol-players-tokens] [  restartedMain] org.hibernate.orm.jdbc.batch             : HHH100501: Automatic JDBC statement batching enabled (maximum batch size 10)
2026-06-18T14:48:05.659-03:00  INFO 8732 --- [futbol-players-tokens] [  restartedMain] j.LocalContainerEntityManagerFactoryBean : Initialized JPA EntityManagerFactory for persistence unit 'default'
2026-06-18T14:48:05.872-03:00  INFO 8732 --- [futbol-players-tokens] [  restartedMain] o.s.d.j.r.query.QueryEnhancerFactories   : Hibernate is in classpath; If applicable, HQL parser will be used.
2026-06-18T14:48:09.458-03:00  INFO 8732 --- [futbol-players-tokens] [  restartedMain] r$InitializeUserDetailsManagerConfigurer : Global AuthenticationManager configured with UserDetailsService bean with name customUserDetailsService
2026-06-18T14:48:10.504-03:00  WARN 8732 --- [futbol-players-tokens] [  restartedMain] JpaBaseConfiguration$JpaWebConfiguration : spring.jpa.open-in-view is enabled by default. Therefore, database queries may be performed during view rendering. Explicitly configure spring.jpa.open-in-view to disable this warning
2026-06-18T14:48:12.503-03:00  INFO 8732 --- [futbol-players-tokens] [  restartedMain] o.s.boot.tomcat.TomcatWebServer          : Tomcat started on port 8080 (http) with context path '/'
2026-06-18T14:48:12.522-03:00  INFO 8732 --- [futbol-players-tokens] [  restartedMain] c.d.f.FutbolPlayersTokensApplication     : Started FutbolPlayersTokensApplication in 18.426 seconds (process running for 20.524)
2026-06-18T14:48:12.694-03:00  INFO 8732 --- [futbol-players-tokens] [  restartedMain] c.d.f.s.impl.PlayerScraperServiceImpl    : ΓÅ¡∩╕Å BD no est├í vac├¡a. Saltando scraping autom├ítico. Jugadores en BD: 1277
2026-06-18T14:48:14.873-03:00  WARN 8732 --- [futbol-players-tokens] [  restartedMain] o.s.core.events.SpringDocAppInitializer  : SpringDoc /v3/api-docs endpoint is enabled by default. To disable it in production, set the property 'springdoc.api-docs.enabled=false'
2026-06-18T14:48:14.874-03:00  INFO 8732 --- [futbol-players-tokens] [  restartedMain] c.d.f.scheduler.MatchScraperScheduler    : ≡ƒÜÇ Aplicaci├│n iniciada. Ejecutando scraping inicial...
2026-06-18T14:48:14.876-03:00  INFO 8732 --- [futbol-players-tokens] [  restartedMain] c.d.f.scheduler.MatchScraperScheduler    : ≡ƒöä Iniciando scraping de partidos...
2026-06-18T14:48:14.884-03:00  INFO 8732 --- [futbol-players-tokens] [  restartedMain] c.d.f.s.impl.MatchScraperServiceImpl     : ≡ƒöì Scrapeando partidos para fecha: 2026-06-18 (Timezone: America/Buenos_Aires)
2026-06-18T14:48:18.565-03:00  INFO 8732 --- [futbol-players-tokens] [  restartedMain] c.d.f.scheduler.MatchScraperScheduler    : Γ£à Scraping completado. Programando schedulers...
2026-06-18T14:48:18.567-03:00  INFO 8732 --- [futbol-players-tokens] [  restartedMain] c.d.f.scheduler.MatchScraperScheduler    : Γ£à Schedulers programados. 0 partidos en la cola
2026-06-18T14:48:18.568-03:00  INFO 8732 --- [futbol-players-tokens] [  restartedMain] c.d.f.scheduler.PlayerScraperScheduler   : ΓÅ│ Verificando si se necesita scraping inicial de jugadores...
2026-06-18T14:48:18.569-03:00  INFO 8732 --- [futbol-players-tokens] [  restartedMain] c.d.f.s.impl.PlayerScraperServiceImpl    : ΓÅ¡∩╕Å BD no est├í vac├¡a. Saltando scraping autom├ítico. Jugadores en BD: 1277
2026-06-18T14:48:18.570-03:00  INFO 8732 --- [futbol-players-tokens] [  restartedMain] c.d.f.scheduler.QuoteScheduler           : Quote scheduler ready. Manual recalculation available at POST /quotes/recalculate

> Task :bootRun FAILED
4 actionable tasks: 2 executed, 2 up-to-date
.\gradlew.bat : 
En línea: 1 Carácter: 46
+ ... ultad\2026\futbol-players-tokens'; .\gradlew.bat bootRun 2>&1 | Out-F ...
+                                        ~~~~~~~~~~~~~~~~~~~~~~~~~~
    + CategoryInfo          : NotSpecified: (:String) [], RemoteException
    + FullyQualifiedErrorId : NativeCommandError
 
FAILURE: Build failed with an exception.

* What went wrong:
Execution failed for task ':bootRun'.
> Process 'command 'C:\Users\luqui\.jdks\corretto-21.0.6\bin\java.exe'' finished with non-zero exit value -1 (NTSTATUS 
0xFFFFFFFF)

* Try:
> Run with --stacktrace option to get the stack trace.
> Run with --info or --debug option to get more log output.
> Run with --scan to get full insights from a Build Scan (powered by Develocity).
> Get more help at https://help.gradle.org.

BUILD FAILED in 4m 24s
